// Jest Snapshot v1, https://goo.gl/fbAQLP

exports[`AddUser renders snapshot properly 1`] = `
<form
  onSubmit={[Function]}
>
  <div
    className="field"
  >
    <input
      className="input is-large"
      name="username"
      onChange={undefined}
      placeholder="Enter username"
      required={true}
      type="text"
      value={undefined}
    />
  </div>
  <div
    className="field"
  >
    <input
      className="input is-large"
      name="email"
      onChange={undefined}
      placeholder="Enter email"
      required={true}
      type="text"
      value={undefined}
    />
  </div>
  <div>
    <input
      className="button is-primary is-large is-fullwidth"
      type="submit"
      value="Submit"
    />
  </div>
</form>
`;
