// Jest Snapshot v1, https://goo.gl/fbAQLP

exports[`UserList renders snapshot properly 1`] = `
<div>
  <h4
    className="box title is-4"
  >
    username_1
    (
    email1@foo.com
    )
  </h4>
  <h4
    className="box title is-4"
  >
    joes_username
    (
    joes_email@foo.com
    )
  </h4>
</div>
`;
