// Jest Snapshot v1, https://goo.gl/fbAQLP

exports[`UsersList renders correct snapshot 1`] = `
<div>
  <h4 class="card card-body bg-light">
    jeff
  </h4>
  <h4 class="card card-body bg-light">
    iryna
  </h4>
</div>
`;
