// Jest Snapshot v1, https://goo.gl/fbAQLP

exports[`UsersList renders correct snapshot 1`] = `
<form
  onSubmit={[Function]}
>
  <div
    className="form-group"
  >
    <input
      className="form-control input-lg"
      name="username"
      onChange={[Function]}
      placeholder="Enter a username"
      required={true}
      type="text"
      value={undefined}
    />
    <input
      className="form-control input-lg"
      name="email"
      onChange={[Function]}
      placeholder="Enter an email address"
      required={true}
      type="text"
      value={undefined}
    />
    <input
      className="btn btn-primary btn-lg btn-block"
      type="submit"
      value="Submit"
    />
  </div>
</form>
`;
