// Jest Snapshot v1, https://goo.gl/fbAQLP

exports[`UsersList renders correct snapshot 1`] = `
<div>
  <h4
    className="card card-body bg-light"
  >
    jeff
  </h4>
  <h4
    className="card card-body bg-light"
  >
    iryna
  </h4>
</div>
`;
